  Determining projects to restore...
  All projects are up-to-date for restore.
C:\Users\PC\FoodStreetGuide\Services\IDatabaseService2.cs(5,18): error CS0101: The namespace 'FoodStreetGuide.Services' already contains a definition for 'IDatabaseService' [C:\Users\PC\FoodStreetGuide\FoodStreetGuide.csproj::TargetFramework=net9.0-android]
C:\Users\PC\FoodStreetGuide\Services\IDatabaseServiceNew.cs(5,18): error CS0101: The namespace 'FoodStreetGuide.Services' already contains a definition for 'IDatabaseService' [C:\Users\PC\FoodStreetGuide\FoodStreetGuide.csproj::TargetFramework=net9.0-android]
C:\Users\PC\FoodStreetGuide\Services\IDatabaseService2.cs(7,10): error CS0111: Type 'IDatabaseService' already defines a member called 'Init' with the same parameter types [C:\Users\PC\FoodStreetGuide\FoodStreetGuide.csproj::TargetFramework=net9.0-android]
C:\Users\PC\FoodStreetGuide\Services\IDatabaseServiceNew.cs(7,10): error CS0111: Type 'IDatabaseService' already defines a member called 'Init' with the same parameter types [C:\Users\PC\FoodStreetGuide\FoodStreetGuide.csproj::TargetFramework=net9.0-android]
C:\Users\PC\FoodStreetGuide\Services\IDatabaseService2.cs(8,21): error CS0111: Type 'IDatabaseService' already defines a member called 'GetPOIsAsync' with the same parameter types [C:\Users\PC\FoodStreetGuide\FoodStreetGuide.csproj::TargetFramework=net9.0-android]
C:\Users\PC\FoodStreetGuide\Services\IDatabaseServiceNew.cs(8,21): error CS0111: Type 'IDatabaseService' already defines a member called 'GetPOIsAsync' with the same parameter types [C:\Users\PC\FoodStreetGuide\FoodStreetGuide.csproj::TargetFramework=net9.0-android]
C:\Users\PC\FoodStreetGuide\Services\IDatabaseService2.cs(9,15): error CS0111: Type 'IDatabaseService' already defines a member called 'AddPOIAsync' with the same parameter types [C:\Users\PC\FoodStreetGuide\FoodStreetGuide.csproj::TargetFramework=net9.0-android]
C:\Users\PC\FoodStreetGuide\Services\IDatabaseServiceNew.cs(9,15): error CS0111: Type 'IDatabaseService' already defines a member called 'AddPOIAsync' with the same parameter types [C:\Users\PC\FoodStreetGuide\FoodStreetGuide.csproj::TargetFramework=net9.0-android]
C:\Users\PC\FoodStreetGuide\Services\IDatabaseService2.cs(10,15): error CS0111: Type 'IDatabaseService' already defines a member called 'UpdatePOIAsync' with the same parameter types [C:\Users\PC\FoodStreetGuide\FoodStreetGuide.csproj::TargetFramework=net9.0-android]
C:\Users\PC\FoodStreetGuide\Services\IDatabaseServiceNew.cs(10,15): error CS0111: Type 'IDatabaseService' already defines a member called 'UpdatePOIAsync' with the same parameter types [C:\Users\PC\FoodStreetGuide\FoodStreetGuide.csproj::TargetFramework=net9.0-android]
C:\Users\PC\FoodStreetGuide\Services\IDatabaseService2.cs(11,15): error CS0111: Type 'IDatabaseService' already defines a member called 'DeletePOIAsync' with the same parameter types [C:\Users\PC\FoodStreetGuide\FoodStreetGuide.csproj::TargetFramework=net9.0-android]
C:\Users\PC\FoodStreetGuide\Services\IDatabaseServiceNew.cs(11,15): error CS0111: Type 'IDatabaseService' already defines a member called 'DeletePOIAsync' with the same parameter types [C:\Users\PC\FoodStreetGuide\FoodStreetGuide.csproj::TargetFramework=net9.0-android]
C:\Users\PC\FoodStreetGuide\Services\IDatabaseService2.cs(12,15): error CS0111: Type 'IDatabaseService' already defines a member called 'SavePOIAsync' with the same parameter types [C:\Users\PC\FoodStreetGuide\FoodStreetGuide.csproj::TargetFramework=net9.0-android]
C:\Users\PC\FoodStreetGuide\Services\IDatabaseServiceNew.cs(12,15): error CS0111: Type 'IDatabaseService' already defines a member called 'SavePOIAsync' with the same parameter types [C:\Users\PC\FoodStreetGuide\FoodStreetGuide.csproj::TargetFramework=net9.0-android]

Build FAILED.

C:\Users\PC\FoodStreetGuide\Services\IDatabaseService2.cs(5,18): error CS0101: The namespace 'FoodStreetGuide.Services' already contains a definition for 'IDatabaseService' [C:\Users\PC\FoodStreetGuide\FoodStreetGuide.csproj::TargetFramework=net9.0-android]
C:\Users\PC\FoodStreetGuide\Services\IDatabaseServiceNew.cs(5,18): error CS0101: The namespace 'FoodStreetGuide.Services' already contains a definition for 'IDatabaseService' [C:\Users\PC\FoodStreetGuide\FoodStreetGuide.csproj::TargetFramework=net9.0-android]
C:\Users\PC\FoodStreetGuide\Services\IDatabaseService2.cs(7,10): error CS0111: Type 'IDatabaseService' already defines a member called 'Init' with the same parameter types [C:\Users\PC\FoodStreetGuide\FoodStreetGuide.csproj::TargetFramework=net9.0-android]
C:\Users\PC\FoodStreetGuide\Services\IDatabaseServiceNew.cs(7,10): error CS0111: Type 'IDatabaseService' already defines a member called 'Init' with the same parameter types [C:\Users\PC\FoodStreetGuide\FoodStreetGuide.csproj::TargetFramework=net9.0-android]
C:\Users\PC\FoodStreetGuide\Services\IDatabaseService2.cs(8,21): error CS0111: Type 'IDatabaseService' already defines a member called 'GetPOIsAsync' with the same parameter types [C:\Users\PC\FoodStreetGuide\FoodStreetGuide.csproj::TargetFramework=net9.0-android]
C:\Users\PC\FoodStreetGuide\Services\IDatabaseServiceNew.cs(8,21): error CS0111: Type 'IDatabaseService' already defines a member called 'GetPOIsAsync' with the same parameter types [C:\Users\PC\FoodStreetGuide\FoodStreetGuide.csproj::TargetFramework=net9.0-android]
C:\Users\PC\FoodStreetGuide\Services\IDatabaseService2.cs(9,15): error CS0111: Type 'IDatabaseService' already defines a member called 'AddPOIAsync' with the same parameter types [C:\Users\PC\FoodStreetGuide\FoodStreetGuide.csproj::TargetFramework=net9.0-android]
C:\Users\PC\FoodStreetGuide\Services\IDatabaseServiceNew.cs(9,15): error CS0111: Type 'IDatabaseService' already defines a member called 'AddPOIAsync' with the same parameter types [C:\Users\PC\FoodStreetGuide\FoodStreetGuide.csproj::TargetFramework=net9.0-android]
C:\Users\PC\FoodStreetGuide\Services\IDatabaseService2.cs(10,15): error CS0111: Type 'IDatabaseService' already defines a member called 'UpdatePOIAsync' with the same parameter types [C:\Users\PC\FoodStreetGuide\FoodStreetGuide.csproj::TargetFramework=net9.0-android]
C:\Users\PC\FoodStreetGuide\Services\IDatabaseServiceNew.cs(10,15): error CS0111: Type 'IDatabaseService' already defines a member called 'UpdatePOIAsync' with the same parameter types [C:\Users\PC\FoodStreetGuide\FoodStreetGuide.csproj::TargetFramework=net9.0-android]
C:\Users\PC\FoodStreetGuide\Services\IDatabaseService2.cs(11,15): error CS0111: Type 'IDatabaseService' already defines a member called 'DeletePOIAsync' with the same parameter types [C:\Users\PC\FoodStreetGuide\FoodStreetGuide.csproj::TargetFramework=net9.0-android]
C:\Users\PC\FoodStreetGuide\Services\IDatabaseServiceNew.cs(11,15): error CS0111: Type 'IDatabaseService' already defines a member called 'DeletePOIAsync' with the same parameter types [C:\Users\PC\FoodStreetGuide\FoodStreetGuide.csproj::TargetFramework=net9.0-android]
C:\Users\PC\FoodStreetGuide\Services\IDatabaseService2.cs(12,15): error CS0111: Type 'IDatabaseService' already defines a member called 'SavePOIAsync' with the same parameter types [C:\Users\PC\FoodStreetGuide\FoodStreetGuide.csproj::TargetFramework=net9.0-android]
C:\Users\PC\FoodStreetGuide\Services\IDatabaseServiceNew.cs(12,15): error CS0111: Type 'IDatabaseService' already defines a member called 'SavePOIAsync' with the same parameter types [C:\Users\PC\FoodStreetGuide\FoodStreetGuide.csproj::TargetFramework=net9.0-android]
    0 Warning(s)
    14 Error(s)

Time Elapsed 00:00:01.64
